/Users/hotlatte/Desktop/Electronics/STM32-BOOTLOADER-WITH-CRYPTO/Core/Src/main.c:339:6:SystemClock_Config	128	static
/Users/hotlatte/Desktop/Electronics/STM32-BOOTLOADER-WITH-CRYPTO/Core/Src/main.c:469:6:TIMER_Init	16	static
/Users/hotlatte/Desktop/Electronics/STM32-BOOTLOADER-WITH-CRYPTO/Core/Src/main.c:476:6:TIMER_Is_Elapsed	8	static
/Users/hotlatte/Desktop/Electronics/STM32-BOOTLOADER-WITH-CRYPTO/Core/Src/main.c:146:5:main	72	static
/Users/hotlatte/Desktop/Electronics/STM32-BOOTLOADER-WITH-CRYPTO/Core/Src/main.c:494:6:TIMER_Reset	8	static
/Users/hotlatte/Desktop/Electronics/STM32-BOOTLOADER-WITH-CRYPTO/Core/Src/main.c:498:6:HAL_UART_RxCpltCallback	8	static
/Users/hotlatte/Desktop/Electronics/STM32-BOOTLOADER-WITH-CRYPTO/Core/Src/main.c:553:6:Error_Handler	0	static
