/Users/hotlatte/Desktop/Electronics/STM32-BOOTLOADER-WITH-CRYPTO/Core/Src/transport-layer.c:48:6:TL_Is_RETX_Packet	0	static
/Users/hotlatte/Desktop/Electronics/STM32-BOOTLOADER-WITH-CRYPTO/Core/Src/transport-layer.c:66:6:TL_Is_ACK_Packet	0	static
/Users/hotlatte/Desktop/Electronics/STM32-BOOTLOADER-WITH-CRYPTO/Core/Src/transport-layer.c:84:6:TL_Is_Single_Byte_Packet	0	static
/Users/hotlatte/Desktop/Electronics/STM32-BOOTLOADER-WITH-CRYPTO/Core/Src/transport-layer.c:192:6:TL_Is_Packet_Available	0	static
/Users/hotlatte/Desktop/Electronics/STM32-BOOTLOADER-WITH-CRYPTO/Core/Src/transport-layer.c:196:6:TL_Write	8	static
/Users/hotlatte/Desktop/Electronics/STM32-BOOTLOADER-WITH-CRYPTO/Core/Src/transport-layer.c:201:6:TL_Read	16	static
/Users/hotlatte/Desktop/Electronics/STM32-BOOTLOADER-WITH-CRYPTO/Core/Src/transport-layer.c:206:9:TL_Compute_CRC	8	static
/Users/hotlatte/Desktop/Electronics/STM32-BOOTLOADER-WITH-CRYPTO/Core/Src/transport-layer.c:106:6:TL_Create_RETX_Packet	8	static
/Users/hotlatte/Desktop/Electronics/STM32-BOOTLOADER-WITH-CRYPTO/Core/Src/transport-layer.c:113:6:TL_Create_ACK_Packet	8	static
/Users/hotlatte/Desktop/Electronics/STM32-BOOTLOADER-WITH-CRYPTO/Core/Src/transport-layer.c:128:6:TL_Init	8	static
/Users/hotlatte/Desktop/Electronics/STM32-BOOTLOADER-WITH-CRYPTO/Core/Src/transport-layer.c:120:6:TL_Create_Single_Byte_Packet	16	static
/Users/hotlatte/Desktop/Electronics/STM32-BOOTLOADER-WITH-CRYPTO/Core/Src/transport-layer.c:134:6:TL_Update	32	static
