Archive member included to satisfy reference by file (symbol)

/Applications/ArmGNUToolchain/15.2.rel1/arm-none-eabi/bin/../lib/gcc/arm-none-eabi/15.2.1/thumb/v6-m/nofp/libgcc.a(_thumb1_case_uqi.o)
                              cmake/stm32cubemx/CMakeFiles/STM32_Drivers.dir/__/__/Drivers/STM32L0xx_HAL_Driver/Src/stm32l0xx_hal_rcc_ex.c.obj (__gnu_thumb1_case_uqi)
/Applications/ArmGNUToolchain/15.2.rel1/arm-none-eabi/bin/../lib/gcc/arm-none-eabi/15.2.1/thumb/v6-m/nofp/libgcc.a(_udivsi3.o)
                              cmake/stm32cubemx/CMakeFiles/STM32_Drivers.dir/__/__/Core/Src/system_stm32l0xx.c.obj (__aeabi_uidiv)
/Applications/ArmGNUToolchain/15.2.rel1/arm-none-eabi/bin/../lib/gcc/arm-none-eabi/15.2.1/thumb/v6-m/nofp/libgcc.a(_dvmd_tls.o)
                              /Applications/ArmGNUToolchain/15.2.rel1/arm-none-eabi/bin/../lib/gcc/arm-none-eabi/15.2.1/thumb/v6-m/nofp/libgcc.a(_udivsi3.o) (__aeabi_idiv0)
/Applications/ArmGNUToolchain/15.2.rel1/arm-none-eabi/bin/../lib/gcc/arm-none-eabi/15.2.1/thumb/v6-m/nofp/libgcc.a(_aeabi_uldivmod.o)
                              cmake/stm32cubemx/CMakeFiles/STM32_Drivers.dir/__/__/Drivers/STM32L0xx_HAL_Driver/Src/stm32l0xx_hal_uart.c.obj (__aeabi_uldivmod)
/Applications/ArmGNUToolchain/15.2.rel1/arm-none-eabi/bin/../lib/gcc/arm-none-eabi/15.2.1/thumb/v6-m/nofp/libgcc.a(_udivmoddi4.o)
                              /Applications/ArmGNUToolchain/15.2.rel1/arm-none-eabi/bin/../lib/gcc/arm-none-eabi/15.2.1/thumb/v6-m/nofp/libgcc.a(_aeabi_uldivmod.o) (__udivmoddi4)
/Applications/ArmGNUToolchain/15.2.rel1/arm-none-eabi/bin/../lib/gcc/arm-none-eabi/15.2.1/thumb/v6-m/nofp/libgcc.a(_clzdi2.o)
                              /Applications/ArmGNUToolchain/15.2.rel1/arm-none-eabi/bin/../lib/gcc/arm-none-eabi/15.2.1/thumb/v6-m/nofp/libgcc.a(_udivmoddi4.o) (__clzdi2)
/Applications/ArmGNUToolchain/15.2.rel1/arm-none-eabi/bin/../lib/gcc/arm-none-eabi/15.2.1/thumb/v6-m/nofp/libgcc.a(_clzsi2.o)
                              /Applications/ArmGNUToolchain/15.2.rel1/arm-none-eabi/bin/../lib/gcc/arm-none-eabi/15.2.1/thumb/v6-m/nofp/libgcc.a(_clzdi2.o) (__clzsi2)
/Applications/ArmGNUToolchain/15.2.rel1/arm-none-eabi/bin/../lib/gcc/arm-none-eabi/15.2.1/../../../../arm-none-eabi/lib/thumb/v6-m/nofp/libg_nano.a(libc_a-exit.o)
                              /Applications/ArmGNUToolchain/15.2.rel1/arm-none-eabi/bin/../lib/gcc/arm-none-eabi/15.2.1/../../../../arm-none-eabi/lib/thumb/v6-m/nofp/crt0.o (exit)
/Applications/ArmGNUToolchain/15.2.rel1/arm-none-eabi/bin/../lib/gcc/arm-none-eabi/15.2.1/../../../../arm-none-eabi/lib/thumb/v6-m/nofp/libg_nano.a(libc_a-findfp.o)
                              /Applications/ArmGNUToolchain/15.2.rel1/arm-none-eabi/bin/../lib/gcc/arm-none-eabi/15.2.1/../../../../arm-none-eabi/lib/thumb/v6-m/nofp/libg_nano.a(libc_a-exit.o) (__stdio_exit_handler)
/Applications/ArmGNUToolchain/15.2.rel1/arm-none-eabi/bin/../lib/gcc/arm-none-eabi/15.2.1/../../../../arm-none-eabi/lib/thumb/v6-m/nofp/libg_nano.a(libc_a-fwalk.o)
                              /Applications/ArmGNUToolchain/15.2.rel1/arm-none-eabi/bin/../lib/gcc/arm-none-eabi/15.2.1/../../../../arm-none-eabi/lib/thumb/v6-m/nofp/libg_nano.a(libc_a-findfp.o) (_fwalk_sglue)
/Applications/ArmGNUToolchain/15.2.rel1/arm-none-eabi/bin/../lib/gcc/arm-none-eabi/15.2.1/../../../../arm-none-eabi/lib/thumb/v6-m/nofp/libg_nano.a(libc_a-memset.o)
                              /Applications/ArmGNUToolchain/15.2.rel1/arm-none-eabi/bin/../lib/gcc/arm-none-eabi/15.2.1/../../../../arm-none-eabi/lib/thumb/v6-m/nofp/crt0.o (memset)
/Applications/ArmGNUToolchain/15.2.rel1/arm-none-eabi/bin/../lib/gcc/arm-none-eabi/15.2.1/../../../../arm-none-eabi/lib/thumb/v6-m/nofp/libg_nano.a(libc_a-errno.o)
                              CMakeFiles/STM32-BOOTLOADER-WITH-CRYPTO.dir/Core/Src/sysmem.c.obj (__errno)
/Applications/ArmGNUToolchain/15.2.rel1/arm-none-eabi/bin/../lib/gcc/arm-none-eabi/15.2.1/../../../../arm-none-eabi/lib/thumb/v6-m/nofp/libg_nano.a(libc_a-init.o)
                              /Applications/ArmGNUToolchain/15.2.rel1/arm-none-eabi/bin/../lib/gcc/arm-none-eabi/15.2.1/../../../../arm-none-eabi/lib/thumb/v6-m/nofp/crt0.o (__libc_init_array)
/Applications/ArmGNUToolchain/15.2.rel1/arm-none-eabi/bin/../lib/gcc/arm-none-eabi/15.2.1/../../../../arm-none-eabi/lib/thumb/v6-m/nofp/libg_nano.a(libc_a-lock.o)
                              /Applications/ArmGNUToolchain/15.2.rel1/arm-none-eabi/bin/../lib/gcc/arm-none-eabi/15.2.1/../../../../arm-none-eabi/lib/thumb/v6-m/nofp/libg_nano.a(libc_a-findfp.o) (__retarget_lock_init_recursive)
/Applications/ArmGNUToolchain/15.2.rel1/arm-none-eabi/bin/../lib/gcc/arm-none-eabi/15.2.1/../../../../arm-none-eabi/lib/thumb/v6-m/nofp/libg_nano.a(libc_a-impure.o)
                              /Applications/ArmGNUToolchain/15.2.rel1/arm-none-eabi/bin/../lib/gcc/arm-none-eabi/15.2.1/../../../../arm-none-eabi/lib/thumb/v6-m/nofp/libg_nano.a(libc_a-errno.o) (_impure_ptr)
[...]
Memory Configuration

Name             Origin             Length             Attributes
RAM              0x20000000         0x00002000         xrw
FLASH            0x08000000         0x00004000         xr
*default*        0x00000000         0xffffffff

Linker script and memory map

LOAD /Applications/ArmGNUToolchain/15.2.rel1/arm-none-eabi/bin/../lib/gcc/arm-none-eabi/15.2.1/thumb/v6-m/nofp/crti.o
LOAD /Applications/ArmGNUToolchain/15.2.rel1/arm-none-eabi/bin/../lib/gcc/arm-none-eabi/15.2.1/thumb/v6-m/nofp/crtbegin.o
LOAD /Applications/ArmGNUToolchain/15.2.rel1/arm-none-eabi/bin/../lib/gcc/arm-none-eabi/15.2.1/../../../../arm-none-eabi/lib/thumb/v6-m/nofp/crt0.o
LOAD cmake/stm32cubemx/CMakeFiles/STM32_Drivers.dir/__/__/Core/Src/system_stm32l0xx.c.obj
LOAD cmake/stm32cubemx/CMakeFiles/STM32_Drivers.dir/__/__/Drivers/STM32L0xx_HAL_Driver/Src/stm32l0xx_hal_uart.c.obj
LOAD cmake/stm32cubemx/CMakeFiles/STM32_Drivers.dir/__/__/Drivers/STM32L0xx_HAL_Driver/Src/stm32l0xx_hal_uart_ex.c.obj
LOAD cmake/stm32cubemx/CMakeFiles/STM32_Drivers.dir/__/__/Drivers/STM32L0xx_HAL_Driver/Src/stm32l0xx_hal.c.obj
LOAD cmake/stm32cubemx/CMakeFiles/STM32_Drivers.dir/__/__/Drivers/STM32L0xx_HAL_Driver/Src/stm32l0xx_hal_i2c.c.obj
LOAD cmake/stm32cubemx/CMakeFiles/STM32_Drivers.dir/__/__/Drivers/STM32L0xx_HAL_Driver/Src/stm32l0xx_hal_i2c_ex.c.obj
LOAD cmake/stm32cubemx/CMakeFiles/STM32_Drivers.dir/__/__/Drivers/STM32L0xx_HAL_Driver/Src/stm32l0xx_hal_rcc.c.obj
LOAD cmake/stm32cubemx/CMakeFiles/STM32_Drivers.dir/__/__/Drivers/STM32L0xx_HAL_Driver/Src/stm32l0xx_hal_rcc_ex.c.obj
LOAD cmake/stm32cubemx/CMakeFiles/STM32_Drivers.dir/__/__/Drivers/STM32L0xx_HAL_Driver/Src/stm32l0xx_hal_flash_ramfunc.c.obj
LOAD cmake/stm32cubemx/CMakeFiles/STM32_Drivers.dir/__/__/Drivers/STM32L0xx_HAL_Driver/Src/stm32l0xx_hal_flash.c.obj
LOAD cmake/stm32cubemx/CMakeFiles/STM32_Drivers.dir/__/__/Drivers/STM32L0xx_HAL_Driver/Src/stm32l0xx_hal_flash_ex.c.obj
LOAD cmake/stm32cubemx/CMakeFiles/STM32_Drivers.dir/__/__/Drivers/STM32L0xx_HAL_Driver/Src/stm32l0xx_hal_gpio.c.obj
LOAD cmake/stm32cubemx/CMakeFiles/STM32_Drivers.dir/__/__/Drivers/STM32L0xx_HAL_Driver/Src/stm32l0xx_hal_dma.c.obj
LOAD cmake/stm32cubemx/CMakeFiles/STM32_Drivers.dir/__/__/Drivers/STM32L0xx_HAL_Driver/Src/stm32l0xx_hal_pwr.c.obj
LOAD cmake/stm32cubemx/CMakeFiles/STM32_Drivers.dir/__/__/Drivers/STM32L0xx_HAL_Driver/Src/stm32l0xx_hal_pwr_ex.c.obj
LOAD cmake/stm32cubemx/CMakeFiles/STM32_Drivers.dir/__/__/Drivers/STM32L0xx_HAL_Driver/Src/stm32l0xx_hal_cortex.c.obj
LOAD cmake/stm32cubemx/CMakeFiles/STM32_Drivers.dir/__/__/Drivers/STM32L0xx_HAL_Driver/Src/stm32l0xx_hal_exti.c.obj
LOAD CMakeFiles/STM32-BOOTLOADER-WITH-CRYPTO.dir/Core/Src/main.c.obj
LOAD CMakeFiles/STM32-BOOTLOADER-WITH-CRYPTO.dir/Core/Src/transport-layer.c.obj
LOAD CMakeFiles/STM32-BOOTLOADER-WITH-CRYPTO.dir/Core/Src/ring-buffer.c.obj
LOAD CMakeFiles/STM32-BOOTLOADER-WITH-CRYPTO.dir/Core/Src/crc8.c.obj
LOAD CMakeFiles/STM32-BOOTLOADER-WITH-CRYPTO.dir/Core/Src/stm32l0xx_it.c.obj
LOAD CMakeFiles/STM32-BOOTLOADER-WITH-CRYPTO.dir/Core/Src/stm32l0xx_hal_msp.c.obj
LOAD CMakeFiles/STM32-BOOTLOADER-WITH-CRYPTO.dir/Core/Src/sysmem.c.obj
LOAD CMakeFiles/STM32-BOOTLOADER-WITH-CRYPTO.dir/Core/Src/syscalls.c.obj
LOAD CMakeFiles/STM32-BOOTLOADER-WITH-CRYPTO.dir/startup_stm32l053xx.s.obj
LOAD /Applications/ArmGNUToolchain/15.2.rel1/arm-none-eabi/bin/../lib/gcc/arm-none-eabi/15.2.1/../../../../arm-none-eabi/lib/thumb/v6-m/nofp/libm.a
START GROUP
LOAD /Applications/ArmGNUToolchain/15.2.rel1/arm-none-eabi/bin/../lib/gcc/arm-none-eabi/15.2.1/thumb/v6-m/nofp/libgcc.a
LOAD /Applications/ArmGNUToolchain/15.2.rel1/arm-none-eabi/bin/../lib/gcc/arm-none-eabi/15.2.1/../../../../arm-none-eabi/lib/thumb/v6-m/nofp/libg_nano.a
LOAD /Applications/ArmGNUToolchain/15.2.rel1/arm-none-eabi/bin/../lib/gcc/arm-none-eabi/15.2.1/../../../../arm-none-eabi/lib/thumb/v6-m/nofp/libc_nano.a
END GROUP
START GROUP
LOAD /Applications/ArmGNUToolchain/15.2.rel1/arm-none-eabi/bin/../lib/gcc/arm-none-eabi/15.2.1/thumb/v6-m/nofp/libgcc.a
LOAD /Applications/ArmGNUToolchain/15.2.rel1/arm-none-eabi/bin/../lib/gcc/arm-none-eabi/15.2.1/../../../../arm-none-eabi/lib/thumb/v6-m/nofp/libc_nano.a
END GROUP
LOAD /Applications/ArmGNUToolchain/15.2.rel1/arm-none-eabi/bin/../lib/gcc/arm-none-eabi/15.2.1/thumb/v6-m/nofp/crtend.o
LOAD /Applications/ArmGNUToolchain/15.2.rel1/arm-none-eabi/bin/../lib/gcc/arm-none-eabi/15.2.1/thumb/v6-m/nofp/crtn.o
                0x20002000                        _estack = (ORIGIN (RAM) + LENGTH (RAM))
                0x20001c00                        _sstack = (_estack - _Min_Stack_Size)
                0x00000200                        _Min_Heap_Size = 0x200
                0x00000400                        _Min_Stack_Size = 0x400

.isr_vector     0x08000000       0xc0
                0x08000000                        . = ALIGN (0x4)
 *(.isr_vector)
 .isr_vector    0x08000000       0xc0 CMakeFiles/STM32-BOOTLOADER-WITH-CRYPTO.dir/startup_stm32l053xx.s.obj
                0x08000000                g_pfnVectors
                0x080000c0                        . = ALIGN (0x4)

.text           0x080000c0     0x28cc
                0x080000c0                        . = ALIGN (0x4)
 *(.text)
 .text          0x080000c0       0x14 /Applications/ArmGNUToolchain/15.2.rel1/arm-none-eabi/bin/../lib/gcc/arm-none-eabi/15.2.1/thumb/v6-m/nofp/libgcc.a(_thumb1_case_uqi.o)
                0x080000c0                __gnu_thumb1_case_uqi
 .text          0x080000d4      0x114 /Applications/ArmGNUToolchain/15.2.rel1/arm-none-eabi/bin/../lib/gcc/arm-none-eabi/15.2.1/thumb/v6-m/nofp/libgcc.a(_udivsi3.o)
                0x080000d4                __udivsi3
                0x080000d4                __aeabi_uidiv
                0x080001e0                __aeabi_uidivmod
 .text          0x080001e8        0x4 /Applications/ArmGNUToolchain/15.2.rel1/arm-none-eabi/bin/../lib/gcc/arm-none-eabi/15.2.1/thumb/v6-m/nofp/libgcc.a(_dvmd_tls.o)
                0x080001e8                __aeabi_ldiv0
                0x080001e8                __aeabi_idiv0
 .text          0x080001ec       0x40 /Applications/ArmGNUToolchain/15.2.rel1/arm-none-eabi/bin/../lib/gcc/arm-none-eabi/15.2.1/thumb/v6-m/nofp/libgcc.a(_aeabi_uldivmod.o)
                0x080001ec                __aeabi_uldivmod
 .text          0x0800022c       0x18 /Applications/ArmGNUToolchain/15.2.rel1/arm-none-eabi/bin/../lib/gcc/arm-none-eabi/15.2.1/thumb/v6-m/nofp/libgcc.a(_clzdi2.o)
                0x0800022c                __clzdi2
 .text          0x08000244       0x3c /Applications/ArmGNUToolchain/15.2.rel1/arm-none-eabi/bin/../lib/gcc/arm-none-eabi/15.2.1/thumb/v6-m/nofp/libgcc.a(_clzsi2.o)
                0x08000244                __clzsi2
 *(.text*)
 .text.deregister_tm_clones
                0x08000280       0x20 /Applications/ArmGNUToolchain/15.2.rel1/arm-none-eabi/bin/../lib/gcc/arm-none-eabi/15.2.1/thumb/v6-m/nofp/crtbegin.o
 .text.register_tm_clones
                0x080002a0       0x28 /Applications/ArmGNUToolchain/15.2.rel1/arm-none-eabi/bin/../lib/gcc/arm-none-eabi/15.2.1/thumb/v6-m/nofp/crtbegin.o
 .text.__do_global_dtors_aux
                0x080002c8       0x2c /Applications/ArmGNUToolchain/15.2.rel1/arm-none-eabi/bin/../lib/gcc/arm-none-eabi/15.2.1/thumb/v6-m/nofp/crtbegin.o
 .text.frame_dummy
                0x080002f4       0x24 /Applications/ArmGNUToolchain/15.2.rel1/arm-none-eabi/bin/../lib/gcc/arm-none-eabi/15.2.1/thumb/v6-m/nofp/crtbegin.o
 .text.SystemInit
                0x08000318        0x2 cmake/stm32cubemx/CMakeFiles/STM32_Drivers.dir/__/__/Core/Src/system_stm32l0xx.c.obj
                0x08000318                SystemInit
 *fill*         0x0800031a        0x2 
 .text.UART_EndRxTransfer
                0x0800031c       0x5c cmake/stm32cubemx/CMakeFiles/STM32_Drivers.dir/__/__/Drivers/STM32L0xx_HAL_Driver/Src/stm32l0xx_hal_uart.c.obj
 .text.HAL_UART_TxCpltCallback
                0x08000378        0x2 cmake/stm32cubemx/CMakeFiles/STM32_Drivers.dir/__/__/Drivers/STM32L0xx_HAL_Driver/Src/stm32l0xx_hal_uart.c.obj
                0x08000378                HAL_UART_TxCpltCallback
 .text.HAL_UART_ErrorCallback
                0x0800037a        0x2 cmake/stm32cubemx/CMakeFiles/STM32_Drivers.dir/__/__/Drivers/STM32L0xx_HAL_Driver/Src/stm32l0xx_hal_uart.c.obj
                0x0800037a                HAL_UART_ErrorCallback
 .text.UART_DMAAbortOnError
                0x0800037c       0x12 cmake/stm32cubemx/CMakeFiles/STM32_Drivers.dir/__/__/Drivers/STM32L0xx_HAL_Driver/Src/stm32l0xx_hal_uart.c.obj
 .text.HAL_UARTEx_RxEventCallback
                0x0800038e        0x2 cmake/stm32cubemx/CMakeFiles/STM32_Drivers.dir/__/__/Drivers/STM32L0xx_HAL_Driver/Src/stm32l0xx_hal_uart.c.obj
                0x0800038e                HAL_UARTEx_RxEventCallback
 .text.HAL_UART_IRQHandler
                0x08000390      0x2d0 cmake/stm32cubemx/CMakeFiles/STM32_Drivers.dir/__/__/Drivers/STM32L0xx_HAL_Driver/Src/stm32l0xx_hal_uart.c.obj
                0x08000390                HAL_UART_IRQHandler
 .text.UART_RxISR_8BIT
                0x08000660       0xdc cmake/stm32cubemx/CMakeFiles/STM32_Drivers.dir/__/__/Drivers/STM32L0xx_HAL_Driver/Src/stm32l0xx_hal_uart.c.obj
 .text.UART_RxISR_16BIT
                0x0800073c       0xdc cmake/stm32cubemx/CMakeFiles/STM32_Drivers.dir/__/__/Drivers/STM32L0xx_HAL_Driver/Src/stm32l0xx_hal_uart.c.obj
 .text.UART_SetConfig
                0x08000818      0x1f0 cmake/stm32cubemx/CMakeFiles/STM32_Drivers.dir/__/__/Drivers/STM32L0xx_HAL_Driver/Src/stm32l0xx_hal_uart.c.obj
                0x08000818                UART_SetConfig
 .text.UART_AdvFeatureConfig
                0x08000a08       0xd0 cmake/stm32cubemx/CMakeFiles/STM32_Drivers.dir/__/__/Drivers/STM32L0xx_HAL_Driver/Src/stm32l0xx_hal_uart.c.obj
                0x08000a08                UART_AdvFeatureConfig
 .text.UART_WaitOnFlagUntilTimeout
                0x08000ad8       0x8e cmake/stm32cubemx/CMakeFiles/STM32_Drivers.dir/__/__/Drivers/STM32L0xx_HAL_Driver/Src/stm32l0xx_hal_uart.c.obj
                0x08000ad8                UART_WaitOnFlagUntilTimeout
 .text.HAL_UART_Transmit
                0x08000b66       0xca cmake/stm32cubemx/CMakeFiles/STM32_Drivers.dir/__/__/Drivers/STM32L0xx_HAL_Driver/Src/stm32l0xx_hal_uart.c.obj
                0x08000b66                HAL_UART_Transmit
 .text.UART_CheckIdleState
                0x08000c30       0xc0 cmake/stm32cubemx/CMakeFiles/STM32_Drivers.dir/__/__/Drivers/STM32L0xx_HAL_Driver/Src/stm32l0xx_hal_uart.c.obj
                0x08000c30                UART_CheckIdleState
 .text.HAL_UART_Init
                0x08000cf0       0x84 cmake/stm32cubemx/CMakeFiles/STM32_Drivers.dir/__/__/Drivers/STM32L0xx_HAL_Driver/Src/stm32l0xx_hal_uart.c.obj
                0x08000cf0                HAL_UART_Init
 .text.UART_Start_Receive_IT
                0x08000d74       0xcc cmake/stm32cubemx/CMakeFiles/STM32_Drivers.dir/__/__/Drivers/STM32L0xx_HAL_Driver/Src/stm32l0xx_hal_uart.c.obj
                0x08000d74                UART_Start_Receive_IT
 .text.HAL_UART_Receive_IT
                0x08000e40       0x68 cmake/stm32cubemx/CMakeFiles/STM32_Drivers.dir/__/__/Drivers/STM32L0xx_HAL_Driver/Src/stm32l0xx_hal_uart.c.obj
                0x08000e40                HAL_UART_Receive_IT
 .text.HAL_UARTEx_WakeupCallback
                0x08000ea8        0x2 cmake/stm32cubemx/CMakeFiles/STM32_Drivers.dir/__/__/Drivers/STM32L0xx_HAL_Driver/Src/stm32l0xx_hal_uart_ex.c.obj
                0x08000ea8                HAL_UARTEx_WakeupCallback
 .text.HAL_MspDeInit
                0x08000eaa        0x2 cmake/stm32cubemx/CMakeFiles/STM32_Drivers.dir/__/__/Drivers/STM32L0xx_HAL_Driver/Src/stm32l0xx_hal.c.obj
                0x08000eaa                HAL_MspDeInit
 .text.HAL_DeInit
                0x08000eac       0x28 cmake/stm32cubemx/CMakeFiles/STM32_Drivers.dir/__/__/Drivers/STM32L0xx_HAL_Driver/Src/stm32l0xx_hal.c.obj
                0x08000eac                HAL_DeInit
 .text.HAL_InitTick
                0x08000ed4       0x48 cmake/stm32cubemx/CMakeFiles/STM32_Drivers.dir/__/__/Drivers/STM32L0xx_HAL_Driver/Src/stm32l0xx_hal.c.obj
                0x08000ed4                HAL_InitTick
 .text.HAL_Init
                0x08000f1c       0x28 cmake/stm32cubemx/CMakeFiles/STM32_Drivers.dir/__/__/Drivers/STM32L0xx_HAL_Driver/Src/stm32l0xx_hal.c.obj
                0x08000f1c                HAL_Init
 .text.HAL_IncTick
                0x08000f44       0x18 cmake/stm32cubemx/CMakeFiles/STM32_Drivers.dir/__/__/Drivers/STM32L0xx_HAL_Driver/Src/stm32l0xx_hal.c.obj
                0x08000f44                HAL_IncTick
 .text.HAL_GetTick
                0x08000f5c        0xc cmake/stm32cubemx/CMakeFiles/STM32_Drivers.dir/__/__/Drivers/STM32L0xx_HAL_Driver/Src/stm32l0xx_hal.c.obj
                0x08000f5c                HAL_GetTick
 .text.HAL_Delay
                0x08000f68       0x24 cmake/stm32cubemx/CMakeFiles/STM32_Drivers.dir/__/__/Drivers/STM32L0xx_HAL_Driver/Src/stm32l0xx_hal.c.obj
                0x08000f68                HAL_Delay
 .text.HAL_RCC_DeInit
                0x08000f8c       0xe0 cmake/stm32cubemx/CMakeFiles/STM32_Drivers.dir/__/__/Drivers/STM32L0xx_HAL_Driver/Src/stm32l0xx_hal_rcc.c.obj
                0x08000f8c                HAL_RCC_DeInit
 .text.HAL_RCC_GetSysClockFreq
                0x0800106c       0x84 cmake/stm32cubemx/CMakeFiles/STM32_Drivers.dir/__/__/Drivers/STM32L0xx_HAL_Driver/Src/stm32l0xx_hal_rcc.c.obj
                0x0800106c                HAL_RCC_GetSysClockFreq
 .text.HAL_RCC_OscConfig
                0x080010f0      0x518 cmake/stm32cubemx/CMakeFiles/STM32_Drivers.dir/__/__/Drivers/STM32L0xx_HAL_Driver/Src/stm32l0xx_hal_rcc.c.obj
                0x080010f0                HAL_RCC_OscConfig
 .text.HAL_RCC_ClockConfig
                0x08001608      0x19c cmake/stm32cubemx/CMakeFiles/STM32_Drivers.dir/__/__/Drivers/STM32L0xx_HAL_Driver/Src/stm32l0xx_hal_rcc.c.obj
                0x08001608                HAL_RCC_ClockConfig
 .text.HAL_RCC_GetPCLK1Freq
                0x080017a4       0x20 cmake/stm32cubemx/CMakeFiles/STM32_Drivers.dir/__/__/Drivers/STM32L0xx_HAL_Driver/Src/stm32l0xx_hal_rcc.c.obj
                0x080017a4                HAL_RCC_GetPCLK1Freq
 .text.HAL_RCC_GetPCLK2Freq
                0x080017c4       0x20 cmake/stm32cubemx/CMakeFiles/STM32_Drivers.dir/__/__/Drivers/STM32L0xx_HAL_Driver/Src/stm32l0xx_hal_rcc.c.obj
                0x080017c4                HAL_RCC_GetPCLK2Freq
 .text.HAL_RCCEx_PeriphCLKConfig
                0x080017e4      0x1f0 cmake/stm32cubemx/CMakeFiles/STM32_Drivers.dir/__/__/Drivers/STM32L0xx_HAL_Driver/Src/stm32l0xx_hal_rcc_ex.c.obj
                0x080017e4                HAL_RCCEx_PeriphCLKConfig
 .text.FLASH_SetErrorCode
                0x080019d4       0xac cmake/stm32cubemx/CMakeFiles/STM32_Drivers.dir/__/__/Drivers/STM32L0xx_HAL_Driver/Src/stm32l0xx_hal_flash.c.obj
 .text.HAL_FLASH_Unlock
                0x08001a80       0x64 cmake/stm32cubemx/CMakeFiles/STM32_Drivers.dir/__/__/Drivers/STM32L0xx_HAL_Driver/Src/stm32l0xx_hal_flash.c.obj
                0x08001a80                HAL_FLASH_Unlock
 .text.HAL_FLASH_Lock
                0x08001ae4       0x1c cmake/stm32cubemx/CMakeFiles/STM32_Drivers.dir/__/__/Drivers/STM32L0xx_HAL_Driver/Src/stm32l0xx_hal_flash.c.obj
                0x08001ae4                HAL_FLASH_Lock
 .text.FLASH_WaitForLastOperation
                0x08001b00       0x74 cmake/stm32cubemx/CMakeFiles/STM32_Drivers.dir/__/__/Drivers/STM32L0xx_HAL_Driver/Src/stm32l0xx_hal_flash.c.obj
                0x08001b00                FLASH_WaitForLastOperation
 .text.HAL_FLASH_Program
                0x08001b74       0x38 cmake/stm32cubemx/CMakeFiles/STM32_Drivers.dir/__/__/Drivers/STM32L0xx_HAL_Driver/Src/stm32l0xx_hal_flash.c.obj
                0x08001b74                HAL_FLASH_Program
 .text.FLASH_PageErase
                0x08001bac       0x2c cmake/stm32cubemx/CMakeFiles/STM32_Drivers.dir/__/__/Drivers/STM32L0xx_HAL_Driver/Src/stm32l0xx_hal_flash_ex.c.obj
                0x08001bac                FLASH_PageErase
 .text.HAL_FLASHEx_Erase
                0x08001bd8       0x7c cmake/stm32cubemx/CMakeFiles/STM32_Drivers.dir/__/__/Drivers/STM32L0xx_HAL_Driver/Src/stm32l0xx_hal_flash_ex.c.obj
                0x08001bd8                HAL_FLASHEx_Erase
 .text.HAL_GPIO_Init
                0x08001c54      0x178 cmake/stm32cubemx/CMakeFiles/STM32_Drivers.dir/__/__/Drivers/STM32L0xx_HAL_Driver/Src/stm32l0xx_hal_gpio.c.obj
                0x08001c54                HAL_GPIO_Init
 .text.HAL_GPIO_WritePin
                0x08001dcc        0xc cmake/stm32cubemx/CMakeFiles/STM32_Drivers.dir/__/__/Drivers/STM32L0xx_HAL_Driver/Src/stm32l0xx_hal_gpio.c.obj
                0x08001dcc                HAL_GPIO_WritePin
 .text.HAL_DMA_Abort
                0x08001dd8       0x40 cmake/stm32cubemx/CMakeFiles/STM32_Drivers.dir/__/__/Drivers/STM32L0xx_HAL_Driver/Src/stm32l0xx_hal_dma.c.obj
                0x08001dd8                HAL_DMA_Abort
 .text.HAL_DMA_Abort_IT
                0x08001e18       0x46 cmake/stm32cubemx/CMakeFiles/STM32_Drivers.dir/__/__/Drivers/STM32L0xx_HAL_Driver/Src/stm32l0xx_hal_dma.c.obj
                0x08001e18                HAL_DMA_Abort_IT
 *fill*         0x08001e5e        0x2 
 .text.HAL_NVIC_SetPriority
                0x08001e60       0x54 cmake/stm32cubemx/CMakeFiles/STM32_Drivers.dir/__/__/Drivers/STM32L0xx_HAL_Driver/Src/stm32l0xx_hal_cortex.c.obj
                0x08001e60                HAL_NVIC_SetPriority
 .text.HAL_NVIC_EnableIRQ
                0x08001eb4       0x18 cmake/stm32cubemx/CMakeFiles/STM32_Drivers.dir/__/__/Drivers/STM32L0xx_HAL_Driver/Src/stm32l0xx_hal_cortex.c.obj
                0x08001eb4                HAL_NVIC_EnableIRQ
 .text.HAL_SYSTICK_Config
                0x08001ecc       0x34 cmake/stm32cubemx/CMakeFiles/STM32_Drivers.dir/__/__/Drivers/STM32L0xx_HAL_Driver/Src/stm32l0xx_hal_cortex.c.obj
                0x08001ecc                HAL_SYSTICK_Config
 .text.SystemClock_Config
                0x08001f00       0x9c CMakeFiles/STM32-BOOTLOADER-WITH-CRYPTO.dir/Core/Src/main.c.obj
                0x08001f00                SystemClock_Config
 .text.TIMER_Init
                0x08001f9c       0x18 CMakeFiles/STM32-BOOTLOADER-WITH-CRYPTO.dir/Core/Src/main.c.obj
                0x08001f9c                TIMER_Init
 .text.TIMER_Is_Elapsed
                0x08001fb4       0x30 CMakeFiles/STM32-BOOTLOADER-WITH-CRYPTO.dir/Core/Src/main.c.obj
                0x08001fb4                TIMER_Is_Elapsed
 .text.startup.main
                0x08001fe4      0x378 CMakeFiles/STM32-BOOTLOADER-WITH-CRYPTO.dir/Core/Src/main.c.obj
                0x08001fe4                main
 .text.HAL_UART_RxCpltCallback
                0x0800235c       0x24 CMakeFiles/STM32-BOOTLOADER-WITH-CRYPTO.dir/Core/Src/main.c.obj
                0x0800235c                HAL_UART_RxCpltCallback
 .text.TL_Is_RETX_Packet
                0x08002380       0x28 CMakeFiles/STM32-BOOTLOADER-WITH-CRYPTO.dir/Core/Src/transport-layer.c.obj
                0x08002380                TL_Is_RETX_Packet
 .text.TL_Is_ACK_Packet
                0x080023a8       0x28 CMakeFiles/STM32-BOOTLOADER-WITH-CRYPTO.dir/Core/Src/transport-layer.c.obj
                0x080023a8                TL_Is_ACK_Packet
 .text.TL_Is_Single_Byte_Packet
                0x080023d0       0x2e CMakeFiles/STM32-BOOTLOADER-WITH-CRYPTO.dir/Core/Src/transport-layer.c.obj
                0x080023d0                TL_Is_Single_Byte_Packet
 *fill*         0x080023fe        0x2 
 .text.TL_Is_Packet_Available
                0x08002400       0x1c CMakeFiles/STM32-BOOTLOADER-WITH-CRYPTO.dir/Core/Src/transport-layer.c.obj
                0x08002400                TL_Is_Packet_Available
 .text.TL_Write
                0x0800241c       0x24 CMakeFiles/STM32-BOOTLOADER-WITH-CRYPTO.dir/Core/Src/transport-layer.c.obj
                0x0800241c                TL_Write
 .text.TL_Read  0x08002440       0x28 CMakeFiles/STM32-BOOTLOADER-WITH-CRYPTO.dir/Core/Src/transport-layer.c.obj
                0x08002440                TL_Read
 .text.TL_Compute_CRC
                0x08002468        0xa CMakeFiles/STM32-BOOTLOADER-WITH-CRYPTO.dir/Core/Src/transport-layer.c.obj
                0x08002468                TL_Compute_CRC
 .text.TL_Create_RETX_Packet
                0x08002472       0x22 CMakeFiles/STM32-BOOTLOADER-WITH-CRYPTO.dir/Core/Src/transport-layer.c.obj
                0x08002472                TL_Create_RETX_Packet
 .text.TL_Create_ACK_Packet
                0x08002494       0x22 CMakeFiles/STM32-BOOTLOADER-WITH-CRYPTO.dir/Core/Src/transport-layer.c.obj
                0x08002494                TL_Create_ACK_Packet
 *fill*         0x080024b6        0x2 
 .text.TL_Init  0x080024b8       0x18 CMakeFiles/STM32-BOOTLOADER-WITH-CRYPTO.dir/Core/Src/transport-layer.c.obj
                0x080024b8                TL_Init
 .text.TL_Create_Single_Byte_Packet
                0x080024d0       0x26 CMakeFiles/STM32-BOOTLOADER-WITH-CRYPTO.dir/Core/Src/transport-layer.c.obj
                0x080024d0                TL_Create_Single_Byte_Packet
 *fill*         0x080024f6        0x2 
 .text.TL_Update
                0x080024f8       0xf8 CMakeFiles/STM32-BOOTLOADER-WITH-CRYPTO.dir/Core/Src/transport-layer.c.obj
                0x080024f8                TL_Update
 .text.RB_Init  0x080025f0        0xe CMakeFiles/STM32-BOOTLOADER-WITH-CRYPTO.dir/Core/Src/ring-buffer.c.obj
                0x080025f0                RB_Init
 .text.RB_Is_Empty
                0x080025fe        0xe CMakeFiles/STM32-BOOTLOADER-WITH-CRYPTO.dir/Core/Src/ring-buffer.c.obj
                0x080025fe                RB_Is_Empty
 .text.RB_Read  0x0800260c       0x20 CMakeFiles/STM32-BOOTLOADER-WITH-CRYPTO.dir/Core/Src/ring-buffer.c.obj
                0x0800260c                RB_Read
 .text.RB_Write
                0x0800262c       0x1e CMakeFiles/STM32-BOOTLOADER-WITH-CRYPTO.dir/Core/Src/ring-buffer.c.obj
                0x0800262c                RB_Write
 *fill*         0x0800264a        0x2 
 .text.crc8     0x0800264c       0x30 CMakeFiles/STM32-BOOTLOADER-WITH-CRYPTO.dir/Core/Src/crc8.c.obj
                0x0800264c                crc8
 .text.NMI_Handler
                0x0800267c        0x2 CMakeFiles/STM32-BOOTLOADER-WITH-CRYPTO.dir/Core/Src/stm32l0xx_it.c.obj
                0x0800267c                NMI_Handler
 .text.HardFault_Handler
                0x0800267e        0x2 CMakeFiles/STM32-BOOTLOADER-WITH-CRYPTO.dir/Core/Src/stm32l0xx_it.c.obj
                0x0800267e                HardFault_Handler
 .text.SVC_Handler
                0x08002680        0x2 CMakeFiles/STM32-BOOTLOADER-WITH-CRYPTO.dir/Core/Src/stm32l0xx_it.c.obj
                0x08002680                SVC_Handler
 .text.PendSV_Handler
                0x08002682        0x2 CMakeFiles/STM32-BOOTLOADER-WITH-CRYPTO.dir/Core/Src/stm32l0xx_it.c.obj
                0x08002682                PendSV_Handler
 .text.SysTick_Handler
                0x08002684        0x8 CMakeFiles/STM32-BOOTLOADER-WITH-CRYPTO.dir/Core/Src/stm32l0xx_it.c.obj
                0x08002684                SysTick_Handler
 .text.USART2_IRQHandler
                0x0800268c       0x10 CMakeFiles/STM32-BOOTLOADER-WITH-CRYPTO.dir/Core/Src/stm32l0xx_it.c.obj
                0x0800268c                USART2_IRQHandler
 .text.HAL_MspInit
                0x0800269c       0x1c CMakeFiles/STM32-BOOTLOADER-WITH-CRYPTO.dir/Core/Src/stm32l0xx_hal_msp.c.obj
                0x0800269c                HAL_MspInit
 .text.HAL_UART_MspInit
                0x080026b8       0x6c CMakeFiles/STM32-BOOTLOADER-WITH-CRYPTO.dir/Core/Src/stm32l0xx_hal_msp.c.obj
                0x080026b8                HAL_UART_MspInit
 .text.Reset_Handler
                0x08002724       0x50 CMakeFiles/STM32-BOOTLOADER-WITH-CRYPTO.dir/startup_stm32l053xx.s.obj
                0x08002724                Reset_Handler
 .text.Default_Handler
                0x08002774        0x2 CMakeFiles/STM32-BOOTLOADER-WITH-CRYPTO.dir/startup_stm32l053xx.s.obj
                0x08002774                LPTIM1_IRQHandler
                0x08002774                ADC1_COMP_IRQHandler
                0x08002774                PVD_IRQHandler
                0x08002774                I2C1_IRQHandler
                0x08002774                RCC_CRS_IRQHandler
                0x08002774                SPI1_IRQHandler
                0x08002774                TIM6_DAC_IRQHandler
                0x08002774                EXTI2_3_IRQHandler
                0x08002774                I2C2_IRQHandler
                0x08002774                RTC_IRQHandler
                0x08002774                LCD_IRQHandler
                0x08002774                DMA1_Channel4_5_6_7_IRQHandler
                0x08002774                EXTI4_15_IRQHandler
                0x08002774                DMA1_Channel1_IRQHandler
                0x08002774                Default_Handler
                0x08002774                TIM22_IRQHandler
                0x08002774                EXTI0_1_IRQHandler
                0x08002774                USB_IRQHandler
                0x08002774                SPI2_IRQHandler
                0x08002774                TIM21_IRQHandler
                0x08002774                WWDG_IRQHandler
                0x08002774                TIM2_IRQHandler
                0x08002774                DMA1_Channel2_3_IRQHandler
                0x08002774                FLASH_IRQHandler
                0x08002774                USART1_IRQHandler
                0x08002774                RNG_LPUART1_IRQHandler
                0x08002774                TSC_IRQHandler
 *fill*         0x08002776        0x2 
 .text.__udivmoddi4
                0x08002778      0x190 /Applications/ArmGNUToolchain/15.2.rel1/arm-none-eabi/bin/../lib/gcc/arm-none-eabi/15.2.1/thumb/v6-m/nofp/libgcc.a(_udivmoddi4.o)
                0x08002778                __udivmoddi4
 .text.memset   0x08002908       0x10 /Applications/ArmGNUToolchain/15.2.rel1/arm-none-eabi/bin/../lib/gcc/arm-none-eabi/15.2.1/../../../../arm-none-eabi/lib/thumb/v6-m/nofp/libg_nano.a(libc_a-memset.o)
                0x08002908                memset
 .text.__libc_init_array
                0x08002918       0x48 /Applications/ArmGNUToolchain/15.2.rel1/arm-none-eabi/bin/../lib/gcc/arm-none-eabi/15.2.1/../../../../arm-none-eabi/lib/thumb/v6-m/nofp/libg_nano.a(libc_a-init.o)
                0x08002918                __libc_init_array
 .text.memcpy   0x08002960       0x12 /Applications/ArmGNUToolchain/15.2.rel1/arm-none-eabi/bin/../lib/gcc/arm-none-eabi/15.2.1/../../../../arm-none-eabi/lib/thumb/v6-m/nofp/libg_nano.a(libc_a-memcpy-stub.o)
                0x08002960                memcpy
 *(.glue_7)
 .glue_7        0x08002972        0x0 linker stubs
 *(.glue_7t)
 .glue_7t       0x08002972        0x0 linker stubs
 *(.eh_frame)
 *fill*         0x08002972        0x2 
 .eh_frame      0x08002974        0x0 /Applications/ArmGNUToolchain/15.2.rel1/arm-none-eabi/bin/../lib/gcc/arm-none-eabi/15.2.1/thumb/v6-m/nofp/crtbegin.o
 *(.init)
 .init          0x08002974        0x4 /Applications/ArmGNUToolchain/15.2.rel1/arm-none-eabi/bin/../lib/gcc/arm-none-eabi/15.2.1/thumb/v6-m/nofp/crti.o
                0x08002974                _init
 .init          0x08002978        0x8 /Applications/ArmGNUToolchain/15.2.rel1/arm-none-eabi/bin/../lib/gcc/arm-none-eabi/15.2.1/thumb/v6-m/nofp/crtn.o
 *(.fini)
 .fini          0x08002980        0x4 /Applications/ArmGNUToolchain/15.2.rel1/arm-none-eabi/bin/../lib/gcc/arm-none-eabi/15.2.1/thumb/v6-m/nofp/crti.o
                0x08002980                _fini
 .fini          0x08002984        0x8 /Applications/ArmGNUToolchain/15.2.rel1/arm-none-eabi/bin/../lib/gcc/arm-none-eabi/15.2.1/thumb/v6-m/nofp/crtn.o
                0x0800298c                        . = ALIGN (0x4)
                0x0800298c                        _etext = .

.vfp11_veneer   0x0800298c        0x0
 .vfp11_veneer  0x0800298c        0x0 linker stubs

.v4_bx          0x0800298c        0x0
 .v4_bx         0x0800298c        0x0 linker stubs

.iplt           0x0800298c        0x0
 .iplt          0x0800298c        0x0 /Applications/ArmGNUToolchain/15.2.rel1/arm-none-eabi/bin/../lib/gcc/arm-none-eabi/15.2.1/thumb/v6-m/nofp/crtbegin.o

.rodata         0x0800298c      0x124
                0x0800298c                        . = ALIGN (0x4)
 *(.rodata)
 .rodata        0x0800298c      0x100 CMakeFiles/STM32-BOOTLOADER-WITH-CRYPTO.dir/Core/Src/crc8.c.obj
 *(.rodata*)
 .rodata.PLLMulTable
                0x08002a8c        0x9 cmake/stm32cubemx/CMakeFiles/STM32_Drivers.dir/__/__/Core/Src/system_stm32l0xx.c.obj
                0x08002a8c                PLLMulTable
 .rodata.APBPrescTable
                0x08002a95        0x8 cmake/stm32cubemx/CMakeFiles/STM32_Drivers.dir/__/__/Core/Src/system_stm32l0xx.c.obj
                0x08002a95                APBPrescTable
 .rodata.AHBPrescTable
                0x08002a9d       0x10 cmake/stm32cubemx/CMakeFiles/STM32_Drivers.dir/__/__/Core/Src/system_stm32l0xx.c.obj
                0x08002a9d                AHBPrescTable
                0x08002ab0                        . = ALIGN (0x4)
 *fill*         0x08002aad        0x3 

.ARM.extab      0x08002ab0        0x0
                0x08002ab0                        . = ALIGN (0x4)
 *(.ARM.extab* .gnu.linkonce.armextab.*)
                0x08002ab0                        . = ALIGN (0x4)

.ARM            0x08002ab0        0x8
                0x08002ab0                        . = ALIGN (0x4)
                0x08002ab0                        __exidx_start = .
 *(.ARM.exidx*)
 .ARM.exidx.text.__udivmoddi4
                0x08002ab0        0x8 /Applications/ArmGNUToolchain/15.2.rel1/arm-none-eabi/bin/../lib/gcc/arm-none-eabi/15.2.1/thumb/v6-m/nofp/libgcc.a(_udivmoddi4.o)
                0x08002ab8                        __exidx_end = .
                0x08002ab8                        . = ALIGN (0x4)

.preinit_array  0x08002ab8        0x0
                0x08002ab8                        . = ALIGN (0x4)
                0x08002ab8                        PROVIDE (__preinit_array_start = .)
 *(.preinit_array*)
                0x08002ab8                        PROVIDE (__preinit_array_end = .)
                0x08002ab8                        . = ALIGN (0x4)

.init_array     0x08002ab8        0x4
                0x08002ab8                        . = ALIGN (0x4)
                0x08002ab8                        PROVIDE (__init_array_start = .)
 *(SORT_BY_NAME(.init_array.*))
 *(.init_array*)
 .init_array    0x08002ab8        0x4 /Applications/ArmGNUToolchain/15.2.rel1/arm-none-eabi/bin/../lib/gcc/arm-none-eabi/15.2.1/thumb/v6-m/nofp/crtbegin.o
                0x08002abc                        PROVIDE (__init_array_end = .)
                0x08002abc                        . = ALIGN (0x4)

.fini_array     0x08002abc        0x4
                0x08002abc                        . = ALIGN (0x4)
                [!provide]                        PROVIDE (__fini_array_start = .)
 *(SORT_BY_NAME(.fini_array.*))
 *(.fini_array*)
 .fini_array    0x08002abc        0x4 /Applications/ArmGNUToolchain/15.2.rel1/arm-none-eabi/bin/../lib/gcc/arm-none-eabi/15.2.1/thumb/v6-m/nofp/crtbegin.o
                [!provide]                        PROVIDE (__fini_array_end = .)
                0x08002ac0                        . = ALIGN (0x4)
                0x08002ac0                        _sidata = LOADADDR (.data)

.rel.dyn        0x08002ac0        0x0
 .rel.iplt      0x08002ac0        0x0 /Applications/ArmGNUToolchain/15.2.rel1/arm-none-eabi/bin/../lib/gcc/arm-none-eabi/15.2.1/thumb/v6-m/nofp/crtbegin.o

.data           0x20000000       0x18 load address 0x08002ac0
                0x20000000                        . = ALIGN (0x4)
                0x20000000                        _sdata = .
 *(.data)
 *(.data*)
 .data.SystemCoreClock
                0x20000000        0x4 cmake/stm32cubemx/CMakeFiles/STM32_Drivers.dir/__/__/Core/Src/system_stm32l0xx.c.obj
                0x20000000                SystemCoreClock
 .data.uwTickFreq
                0x20000004        0x1 cmake/stm32cubemx/CMakeFiles/STM32_Drivers.dir/__/__/Drivers/STM32L0xx_HAL_Driver/Src/stm32l0xx_hal.c.obj
                0x20000004                uwTickFreq
 *fill*         0x20000005        0x3 
 .data.uwTickPrio
                0x20000008        0x4 cmake/stm32cubemx/CMakeFiles/STM32_Drivers.dir/__/__/Drivers/STM32L0xx_HAL_Driver/Src/stm32l0xx_hal.c.obj
                0x20000008                uwTickPrio
 .data.pEraseInit
                0x2000000c        0xc CMakeFiles/STM32-BOOTLOADER-WITH-CRYPTO.dir/Core/Src/main.c.obj
 *(.RamFunc)
 *(.RamFunc*)
                0x20000018                        . = ALIGN (0x4)

.tm_clone_table
                0x20000018        0x0 load address 0x08002ad8
 .tm_clone_table
                0x20000018        0x0 /Applications/ArmGNUToolchain/15.2.rel1/arm-none-eabi/bin/../lib/gcc/arm-none-eabi/15.2.1/thumb/v6-m/nofp/crtbegin.o
 .tm_clone_table
                0x20000018        0x0 /Applications/ArmGNUToolchain/15.2.rel1/arm-none-eabi/bin/../lib/gcc/arm-none-eabi/15.2.1/thumb/v6-m/nofp/crtend.o

.igot.plt       0x20000018        0x0 load address 0x08002ad8
 .igot.plt      0x20000018        0x0 /Applications/ArmGNUToolchain/15.2.rel1/arm-none-eabi/bin/../lib/gcc/arm-none-eabi/15.2.1/thumb/v6-m/nofp/crtbegin.o

.tdata          0x20000018        0x0 load address 0x08002ad8
 *(.tdata .tdata.* .gnu.linkonce.td.*)
                0x20000018                        . = ALIGN (0x4)
                0x20000018                        _edata = .
                [!provide]                        PROVIDE (__data_end = .)
                [!provide]                        PROVIDE (__tdata_end = .)
                [!provide]                        PROVIDE (__tdata_start = ADDR (.tdata))
                [!provide]                        PROVIDE (__tdata_size = (__tdata_end - __tdata_start))
                [!provide]                        PROVIDE (__data_start = ADDR (.data))
                [!provide]                        PROVIDE (__data_size = (__data_end - __data_start))
                [!provide]                        PROVIDE (__tdata_source = LOADADDR (.tdata))
                [!provide]                        PROVIDE (__tdata_source_end = (LOADADDR (.tdata) + SIZEOF (.tdata)))
                [!provide]                        PROVIDE (__tdata_source_size = (__tdata_source_end - __tdata_source))
                [!provide]                        PROVIDE (__data_source = LOADADDR (.data))
                [!provide]                        PROVIDE (__data_source_end = __tdata_source_end)
                [!provide]                        PROVIDE (__data_source_size = (__data_source_end - __data_source))

.tbss           0x20000018        0x0 load address 0x08002ad8
                0x20000018                        _sbss = .
                0x20000018                        __bss_start__ = _sbss
 *(.tbss .tbss.*)
                0x20000018                        . = ALIGN (0x4)
                [!provide]                        PROVIDE (__tbss_end = .)
                [!provide]                        PROVIDE (__tbss_start = ADDR (.tbss))
                [!provide]                        PROVIDE (__tbss_size = (__tbss_end - __tbss_start))
                [!provide]                        PROVIDE (__tbss_offset = (ADDR (.tbss) - ADDR (.tdata)))
                [!provide]                        PROVIDE (__tls_base = __tdata_start)
                [!provide]                        PROVIDE (__tls_end = __tbss_end)
                [!provide]                        PROVIDE (__tls_size = (__tls_end - __tls_base))
                [!provide]                        PROVIDE (__tls_align = MAX (ALIGNOF (.tdata), ALIGNOF (.tbss)))
                [!provide]                        PROVIDE (__tls_size_align = (((__tls_size + __tls_align) - 0x1) & ~ ((__tls_align - 0x1))))
                [!provide]                        PROVIDE (__arm32_tls_tcb_offset = MAX (0x8, __tls_align))
                [!provide]                        PROVIDE (__arm64_tls_tcb_offset = MAX (0x10, __tls_align))

.bss            0x20000018      0x348 load address 0x08002ad8
 *(.bss)
 *(.bss*)
 .bss.completed.1
                0x20000018        0x1 /Applications/ArmGNUToolchain/15.2.rel1/arm-none-eabi/bin/../lib/gcc/arm-none-eabi/15.2.1/thumb/v6-m/nofp/crtbegin.o
 *fill*         0x20000019        0x3 
 .bss.object.0  0x2000001c       0x18 /Applications/ArmGNUToolchain/15.2.rel1/arm-none-eabi/bin/../lib/gcc/arm-none-eabi/15.2.1/thumb/v6-m/nofp/crtbegin.o
 .bss.value     0x20000034        0x4 cmake/stm32cubemx/CMakeFiles/STM32_Drivers.dir/__/__/Drivers/STM32L0xx_HAL_Driver/Src/stm32l0xx_hal_uart.c.obj
                0x20000034                value
 .bss.uwTick    0x20000038        0x4 cmake/stm32cubemx/CMakeFiles/STM32_Drivers.dir/__/__/Drivers/STM32L0xx_HAL_Driver/Src/stm32l0xx_hal.c.obj
                0x20000038                uwTick
 .bss.pFlash    0x2000003c       0x18 cmake/stm32cubemx/CMakeFiles/STM32_Drivers.dir/__/__/Drivers/STM32L0xx_HAL_Driver/Src/stm32l0xx_hal_flash.c.obj
                0x2000003c                pFlash
 .bss.PageError
                0x20000054        0x4 CMakeFiles/STM32-BOOTLOADER-WITH-CRYPTO.dir/Core/Src/main.c.obj
 .bss.uart_rx_temp
                0x20000058        0x2 CMakeFiles/STM32-BOOTLOADER-WITH-CRYPTO.dir/Core/Src/main.c.obj
 .bss.data_buffer
                0x2000005a       0x80 CMakeFiles/STM32-BOOTLOADER-WITH-CRYPTO.dir/Core/Src/main.c.obj
 *fill*         0x200000da        0x2 
 .bss.ring_buffer
                0x200000dc       0x10 CMakeFiles/STM32-BOOTLOADER-WITH-CRYPTO.dir/Core/Src/main.c.obj
 .bss.sync_seq  0x200000ec        0x4 CMakeFiles/STM32-BOOTLOADER-WITH-CRYPTO.dir/Core/Src/main.c.obj
 .bss.bytes_written
                0x200000f0        0x4 CMakeFiles/STM32-BOOTLOADER-WITH-CRYPTO.dir/Core/Src/main.c.obj
 .bss.timer     0x200000f4        0xc CMakeFiles/STM32-BOOTLOADER-WITH-CRYPTO.dir/Core/Src/main.c.obj
 .bss.temp_packet
                0x20000100       0x23 CMakeFiles/STM32-BOOTLOADER-WITH-CRYPTO.dir/Core/Src/main.c.obj
 .bss.al_state  0x20000123        0x1 CMakeFiles/STM32-BOOTLOADER-WITH-CRYPTO.dir/Core/Src/main.c.obj
 .bss.huart2    0x20000124       0x88 CMakeFiles/STM32-BOOTLOADER-WITH-CRYPTO.dir/Core/Src/main.c.obj
                0x20000124                huart2
 .bss.packet_write_index
                0x200001ac        0x4 CMakeFiles/STM32-BOOTLOADER-WITH-CRYPTO.dir/Core/Src/transport-layer.c.obj
 .bss.packet_read_index
                0x200001b0        0x4 CMakeFiles/STM32-BOOTLOADER-WITH-CRYPTO.dir/Core/Src/transport-layer.c.obj
 .bss.packet_buffer
                0x200001b4      0x118 CMakeFiles/STM32-BOOTLOADER-WITH-CRYPTO.dir/Core/Src/transport-layer.c.obj
 .bss.last_transmitted_packet
                0x200002cc       0x23 CMakeFiles/STM32-BOOTLOADER-WITH-CRYPTO.dir/Core/Src/transport-layer.c.obj
 .bss.ack_packet
                0x200002ef       0x23 CMakeFiles/STM32-BOOTLOADER-WITH-CRYPTO.dir/Core/Src/transport-layer.c.obj
 .bss.retx_packet
                0x20000312       0x23 CMakeFiles/STM32-BOOTLOADER-WITH-CRYPTO.dir/Core/Src/transport-layer.c.obj
 .bss.temp_packet
                0x20000335       0x23 CMakeFiles/STM32-BOOTLOADER-WITH-CRYPTO.dir/Core/Src/transport-layer.c.obj
 .bss.data_byte_count
                0x20000358        0x1 CMakeFiles/STM32-BOOTLOADER-WITH-CRYPTO.dir/Core/Src/transport-layer.c.obj
 .bss.state     0x20000359        0x1 CMakeFiles/STM32-BOOTLOADER-WITH-CRYPTO.dir/Core/Src/transport-layer.c.obj
 *fill*         0x2000035a        0x2 
 .bss.x         0x2000035c        0x4 CMakeFiles/STM32-BOOTLOADER-WITH-CRYPTO.dir/Core/Src/crc8.c.obj
                0x2000035c                x
 *(COMMON)
                0x20000360                        . = ALIGN (0x4)
                0x20000360                        _ebss = .
                0x20000360                        __bss_end__ = _ebss
                [!provide]                        PROVIDE (__bss_end = .)
                [!provide]                        PROVIDE (__non_tls_bss_start = ADDR (.bss))
                [!provide]                        PROVIDE (__bss_start = __tbss_start)
                [!provide]                        PROVIDE (__bss_size = (__bss_end - __bss_start))

._user_heap_stack
                0x20000360      0x600 load address 0x08002ad8
                0x20000360                        . = ALIGN (0x8)
                [!provide]                        PROVIDE (end = .)
                0x20000360                        PROVIDE (_end = .)
                0x20000560                        . = (. + _Min_Heap_Size)
 *fill*         0x20000360      0x200 
                0x20000960                        . = (. + _Min_Stack_Size)
 *fill*         0x20000560      0x400 
                0x20000960                        . = ALIGN (0x8)

/DISCARD/
 libc.a:*(*)
 libm.a:*(*)
 libgcc.a:*(*)
OUTPUT(STM32-BOOTLOADER-WITH-CRYPTO.elf elf32-littlearm)
LOAD linker stubs

.ARM.attributes
                0x00000000       0x28
 .ARM.attributes
                0x00000000       0x1e /Applications/ArmGNUToolchain/15.2.rel1/arm-none-eabi/bin/../lib/gcc/arm-none-eabi/15.2.1/thumb/v6-m/nofp/crti.o
 .ARM.attributes
                0x0000001e       0x2c /Applications/ArmGNUToolchain/15.2.rel1/arm-none-eabi/bin/../lib/gcc/arm-none-eabi/15.2.1/thumb/v6-m/nofp/crtbegin.o
 .ARM.attributes
                0x0000004a       0x2c cmake/stm32cubemx/CMakeFiles/STM32_Drivers.dir/__/__/Core/Src/system_stm32l0xx.c.obj
 .ARM.attributes
                0x00000076       0x2c cmake/stm32cubemx/CMakeFiles/STM32_Drivers.dir/__/__/Drivers/STM32L0xx_HAL_Driver/Src/stm32l0xx_hal_uart.c.obj
 .ARM.attributes
                0x000000a2       0x2c cmake/stm32cubemx/CMakeFiles/STM32_Drivers.dir/__/__/Drivers/STM32L0xx_HAL_Driver/Src/stm32l0xx_hal_uart_ex.c.obj
 .ARM.attributes
                0x000000ce       0x2c cmake/stm32cubemx/CMakeFiles/STM32_Drivers.dir/__/__/Drivers/STM32L0xx_HAL_Driver/Src/stm32l0xx_hal.c.obj
 .ARM.attributes
                0x000000fa       0x2c cmake/stm32cubemx/CMakeFiles/STM32_Drivers.dir/__/__/Drivers/STM32L0xx_HAL_Driver/Src/stm32l0xx_hal_rcc.c.obj
 .ARM.attributes
                0x00000126       0x2c cmake/stm32cubemx/CMakeFiles/STM32_Drivers.dir/__/__/Drivers/STM32L0xx_HAL_Driver/Src/stm32l0xx_hal_rcc_ex.c.obj
 .ARM.attributes
                0x00000152       0x2c cmake/stm32cubemx/CMakeFiles/STM32_Drivers.dir/__/__/Drivers/STM32L0xx_HAL_Driver/Src/stm32l0xx_hal_flash.c.obj
 .ARM.attributes
                0x0000017e       0x2c cmake/stm32cubemx/CMakeFiles/STM32_Drivers.dir/__/__/Drivers/STM32L0xx_HAL_Driver/Src/stm32l0xx_hal_flash_ex.c.obj
 .ARM.attributes
                0x000001aa       0x2c cmake/stm32cubemx/CMakeFiles/STM32_Drivers.dir/__/__/Drivers/STM32L0xx_HAL_Driver/Src/stm32l0xx_hal_gpio.c.obj
 .ARM.attributes
                0x000001d6       0x2c cmake/stm32cubemx/CMakeFiles/STM32_Drivers.dir/__/__/Drivers/STM32L0xx_HAL_Driver/Src/stm32l0xx_hal_dma.c.obj
 .ARM.attributes
                0x00000202       0x2c cmake/stm32cubemx/CMakeFiles/STM32_Drivers.dir/__/__/Drivers/STM32L0xx_HAL_Driver/Src/stm32l0xx_hal_cortex.c.obj
 .ARM.attributes
                0x0000022e       0x2c CMakeFiles/STM32-BOOTLOADER-WITH-CRYPTO.dir/Core/Src/main.c.obj
 .ARM.attributes
                0x0000025a       0x2c CMakeFiles/STM32-BOOTLOADER-WITH-CRYPTO.dir/Core/Src/transport-layer.c.obj
 .ARM.attributes
                0x00000286       0x2c CMakeFiles/STM32-BOOTLOADER-WITH-CRYPTO.dir/Core/Src/ring-buffer.c.obj
 .ARM.attributes
                0x000002b2       0x2c CMakeFiles/STM32-BOOTLOADER-WITH-CRYPTO.dir/Core/Src/crc8.c.obj
 .ARM.attributes
                0x000002de       0x2c CMakeFiles/STM32-BOOTLOADER-WITH-CRYPTO.dir/Core/Src/stm32l0xx_it.c.obj
 .ARM.attributes
                0x0000030a       0x2c CMakeFiles/STM32-BOOTLOADER-WITH-CRYPTO.dir/Core/Src/stm32l0xx_hal_msp.c.obj
 .ARM.attributes
                0x00000336       0x22 CMakeFiles/STM32-BOOTLOADER-WITH-CRYPTO.dir/startup_stm32l053xx.s.obj
 .ARM.attributes
                0x00000358       0x1e /Applications/ArmGNUToolchain/15.2.rel1/arm-none-eabi/bin/../lib/gcc/arm-none-eabi/15.2.1/thumb/v6-m/nofp/libgcc.a(_thumb1_case_uqi.o)
 .ARM.attributes
                0x00000376       0x1e /Applications/ArmGNUToolchain/15.2.rel1/arm-none-eabi/bin/../lib/gcc/arm-none-eabi/15.2.1/thumb/v6-m/nofp/libgcc.a(_udivsi3.o)
 .ARM.attributes
                0x00000394       0x1e /Applications/ArmGNUToolchain/15.2.rel1/arm-none-eabi/bin/../lib/gcc/arm-none-eabi/15.2.1/thumb/v6-m/nofp/libgcc.a(_dvmd_tls.o)
 .ARM.attributes
                0x000003b2       0x1e /Applications/ArmGNUToolchain/15.2.rel1/arm-none-eabi/bin/../lib/gcc/arm-none-eabi/15.2.1/thumb/v6-m/nofp/libgcc.a(_aeabi_uldivmod.o)
 .ARM.attributes
                0x000003d0       0x2c /Applications/ArmGNUToolchain/15.2.rel1/arm-none-eabi/bin/../lib/gcc/arm-none-eabi/15.2.1/thumb/v6-m/nofp/libgcc.a(_udivmoddi4.o)
 .ARM.attributes
                0x000003fc       0x1e /Applications/ArmGNUToolchain/15.2.rel1/arm-none-eabi/bin/../lib/gcc/arm-none-eabi/15.2.1/thumb/v6-m/nofp/libgcc.a(_clzdi2.o)
 .ARM.attributes
                0x0000041a       0x1e /Applications/ArmGNUToolchain/15.2.rel1/arm-none-eabi/bin/../lib/gcc/arm-none-eabi/15.2.1/thumb/v6-m/nofp/libgcc.a(_clzsi2.o)
 .ARM.attributes
                0x00000438       0x2c /Applications/ArmGNUToolchain/15.2.rel1/arm-none-eabi/bin/../lib/gcc/arm-none-eabi/15.2.1/../../../../arm-none-eabi/lib/thumb/v6-m/nofp/libg_nano.a(libc_a-memset.o)
 .ARM.attributes
                0x00000464       0x2c /Applications/ArmGNUToolchain/15.2.rel1/arm-none-eabi/bin/../lib/gcc/arm-none-eabi/15.2.1/../../../../arm-none-eabi/lib/thumb/v6-m/nofp/libg_nano.a(libc_a-init.o)
 .ARM.attributes
                0x00000490       0x2c /Applications/ArmGNUToolchain/15.2.rel1/arm-none-eabi/bin/../lib/gcc/arm-none-eabi/15.2.1/../../../../arm-none-eabi/lib/thumb/v6-m/nofp/libg_nano.a(libc_a-memcpy-stub.o)
 .ARM.attributes
                0x000004bc       0x2c /Applications/ArmGNUToolchain/15.2.rel1/arm-none-eabi/bin/../lib/gcc/arm-none-eabi/15.2.1/thumb/v6-m/nofp/crtend.o
 .ARM.attributes
                0x000004e8       0x1e /Applications/ArmGNUToolchain/15.2.rel1/arm-none-eabi/bin/../lib/gcc/arm-none-eabi/15.2.1/thumb/v6-m/nofp/crtn.o

.comment        0x00000000       0x45
 .comment       0x00000000       0x45 cmake/stm32cubemx/CMakeFiles/STM32_Drivers.dir/__/__/Core/Src/system_stm32l0xx.c.obj
                                 0x46 (size before relaxing)
 .comment       0x00000045        0x0 cmake/stm32cubemx/CMakeFiles/STM32_Drivers.dir/__/__/Drivers/STM32L0xx_HAL_Driver/Src/stm32l0xx_hal_uart.c.obj
                                 0x46 (size before relaxing)
 .comment       0x00000045        0x0 cmake/stm32cubemx/CMakeFiles/STM32_Drivers.dir/__/__/Drivers/STM32L0xx_HAL_Driver/Src/stm32l0xx_hal_uart_ex.c.obj
                                 0x46 (size before relaxing)
 .comment       0x00000045        0x0 cmake/stm32cubemx/CMakeFiles/STM32_Drivers.dir/__/__/Drivers/STM32L0xx_HAL_Driver/Src/stm32l0xx_hal.c.obj
                                 0x46 (size before relaxing)
 .comment       0x00000045        0x0 cmake/stm32cubemx/CMakeFiles/STM32_Drivers.dir/__/__/Drivers/STM32L0xx_HAL_Driver/Src/stm32l0xx_hal_rcc.c.obj
                                 0x46 (size before relaxing)
 .comment       0x00000045        0x0 cmake/stm32cubemx/CMakeFiles/STM32_Drivers.dir/__/__/Drivers/STM32L0xx_HAL_Driver/Src/stm32l0xx_hal_rcc_ex.c.obj
                                 0x46 (size before relaxing)
 .comment       0x00000045        0x0 cmake/stm32cubemx/CMakeFiles/STM32_Drivers.dir/__/__/Drivers/STM32L0xx_HAL_Driver/Src/stm32l0xx_hal_flash.c.obj
                                 0x46 (size before relaxing)
 .comment       0x00000045        0x0 cmake/stm32cubemx/CMakeFiles/STM32_Drivers.dir/__/__/Drivers/STM32L0xx_HAL_Driver/Src/stm32l0xx_hal_flash_ex.c.obj
                                 0x46 (size before relaxing)
 .comment       0x00000045        0x0 cmake/stm32cubemx/CMakeFiles/STM32_Drivers.dir/__/__/Drivers/STM32L0xx_HAL_Driver/Src/stm32l0xx_hal_gpio.c.obj
                                 0x46 (size before relaxing)
 .comment       0x00000045        0x0 cmake/stm32cubemx/CMakeFiles/STM32_Drivers.dir/__/__/Drivers/STM32L0xx_HAL_Driver/Src/stm32l0xx_hal_dma.c.obj
                                 0x46 (size before relaxing)
 .comment       0x00000045        0x0 cmake/stm32cubemx/CMakeFiles/STM32_Drivers.dir/__/__/Drivers/STM32L0xx_HAL_Driver/Src/stm32l0xx_hal_cortex.c.obj
                                 0x46 (size before relaxing)
 .comment       0x00000045        0x0 CMakeFiles/STM32-BOOTLOADER-WITH-CRYPTO.dir/Core/Src/main.c.obj
                                 0x46 (size before relaxing)
 .comment       0x00000045        0x0 CMakeFiles/STM32-BOOTLOADER-WITH-CRYPTO.dir/Core/Src/transport-layer.c.obj
                                 0x46 (size before relaxing)
 .comment       0x00000045        0x0 CMakeFiles/STM32-BOOTLOADER-WITH-CRYPTO.dir/Core/Src/ring-buffer.c.obj
                                 0x46 (size before relaxing)
 .comment       0x00000045        0x0 CMakeFiles/STM32-BOOTLOADER-WITH-CRYPTO.dir/Core/Src/crc8.c.obj
                                 0x46 (size before relaxing)
 .comment       0x00000045        0x0 CMakeFiles/STM32-BOOTLOADER-WITH-CRYPTO.dir/Core/Src/stm32l0xx_it.c.obj
                                 0x46 (size before relaxing)
 .comment       0x00000045        0x0 CMakeFiles/STM32-BOOTLOADER-WITH-CRYPTO.dir/Core/Src/stm32l0xx_hal_msp.c.obj
                                 0x46 (size before relaxing)

.debug_line_str
                0x00000000       0xde
 .debug_line_str
                0x00000000       0xde /Applications/ArmGNUToolchain/15.2.rel1/arm-none-eabi/bin/../lib/gcc/arm-none-eabi/15.2.1/thumb/v6-m/nofp/libgcc.a(_thumb1_case_uqi.o)
                                 0xd2 (size before relaxing)
 .debug_line_str
                0x000000de        0x0 /Applications/ArmGNUToolchain/15.2.rel1/arm-none-eabi/bin/../lib/gcc/arm-none-eabi/15.2.1/thumb/v6-m/nofp/libgcc.a(_udivsi3.o)
                                 0xd2 (size before relaxing)
 .debug_line_str
                0x000000de        0x0 /Applications/ArmGNUToolchain/15.2.rel1/arm-none-eabi/bin/../lib/gcc/arm-none-eabi/15.2.1/thumb/v6-m/nofp/libgcc.a(_dvmd_tls.o)
                                 0xd2 (size before relaxing)
 .debug_line_str
                0x000000de        0x0 /Applications/ArmGNUToolchain/15.2.rel1/arm-none-eabi/bin/../lib/gcc/arm-none-eabi/15.2.1/thumb/v6-m/nofp/libgcc.a(_aeabi_uldivmod.o)
                                 0xd2 (size before relaxing)
 .debug_line_str
                0x000000de        0x0 /Applications/ArmGNUToolchain/15.2.rel1/arm-none-eabi/bin/../lib/gcc/arm-none-eabi/15.2.1/thumb/v6-m/nofp/libgcc.a(_clzdi2.o)
                                 0xd2 (size before relaxing)
 .debug_line_str
                0x000000de        0x0 /Applications/ArmGNUToolchain/15.2.rel1/arm-none-eabi/bin/../lib/gcc/arm-none-eabi/15.2.1/thumb/v6-m/nofp/libgcc.a(_clzsi2.o)
                                 0xd2 (size before relaxing)

.debug_frame    0x00000000       0xd0
 .debug_frame   0x00000000       0x20 /Applications/ArmGNUToolchain/15.2.rel1/arm-none-eabi/bin/../lib/gcc/arm-none-eabi/15.2.1/thumb/v6-m/nofp/libgcc.a(_udivsi3.o)
 .debug_frame   0x00000020       0x3c /Applications/ArmGNUToolchain/15.2.rel1/arm-none-eabi/bin/../lib/gcc/arm-none-eabi/15.2.1/thumb/v6-m/nofp/libgcc.a(_udivmoddi4.o)
 .debug_frame   0x0000005c       0x20 /Applications/ArmGNUToolchain/15.2.rel1/arm-none-eabi/bin/../lib/gcc/arm-none-eabi/15.2.1/../../../../arm-none-eabi/lib/thumb/v6-m/nofp/libg_nano.a(libc_a-memset.o)
 .debug_frame   0x0000007c       0x2c /Applications/ArmGNUToolchain/15.2.rel1/arm-none-eabi/bin/../lib/gcc/arm-none-eabi/15.2.1/../../../../arm-none-eabi/lib/thumb/v6-m/nofp/libg_nano.a(libc_a-init.o)
 .debug_frame   0x000000a8       0x28 /Applications/ArmGNUToolchain/15.2.rel1/arm-none-eabi/bin/../lib/gcc/arm-none-eabi/15.2.1/../../../../arm-none-eabi/lib/thumb/v6-m/nofp/libg_nano.a(libc_a-memcpy-stub.o)
